19:19:06 recording to data/capture/2026-09-12 until Sun 04:30; watching ['401856682', '401856681', '401860881', '401856788', '401871045', '401856670']
19:19:23 final 401856673: 32 drives
19:19:26 final 401856674: 24 drives
19:19:29 final 401856677: 18 drives
19:19:32 final 401856678: 27 drives
19:19:35 final 401856679: 22 drives
19:19:38 final 401856683: 27 drives
19:19:41 final 401856684: 27 drives
19:19:44 final 401856781: 23 drives
19:19:47 final 401856782: 28 drives
19:19:50 final 401856785: 29 drives
19:19:53 final 401856790: 24 drives
19:19:55 final 401856791: 23 drives
19:19:58 final 401856810: 20 drives
19:20:01 final 401858213: 28 drives
19:20:04 final 401858214: 23 drives
19:20:07 final 401858215: 25 drives
19:20:10 final 401858216: 25 drives
19:20:13 final 401858217: 18 drives
19:20:16 final 401858218: 18 drives
19:20:19 final 401858220: 25 drives
19:20:21 final 401858221: 24 drives
19:20:24 final 401858222: 26 drives
19:20:27 final 401858223: 27 drives
19:20:30 final 401858224: 20 drives
19:20:33 final 401858439: 22 drives
19:20:36 final 401858440: 18 drives
19:20:39 final 401858442: 18 drives
19:20:42 final 401858444: 24 drives
19:20:45 final 401858446: 24 drives
19:20:48 final 401859184: 21 drives
19:20:51 final 401860884: 23 drives
19:20:53 final 401862702: 19 drives
19:20:56 final 401862705: 24 drives
19:20:59 final 401862708: 19 drives
19:21:02 final 401864506: 23 drives
19:21:05 final 401864571: 27 drives
19:21:08 final 401865252: 34 drives
19:21:11 final 401866412: 22 drives
19:21:14 final 401866413: 25 drives
19:21:17 final 401866415: 23 drives
19:21:20 final 401866416: 26 drives
19:21:23 final 401866417: 17 drives
19:21:26 final 401866419: 27 drives
19:21:29 final 401866420: 19 drives
19:21:31 final 401867929: 28 drives
19:21:34 final 401868187: 28 drives
19:21:37 final 401868326: 26 drives
19:21:37 86 games: 31 live, 8 pre, 47 finals saved
19:21:57 86 games: 31 live, 8 pre, 47 finals saved
19:22:57 86 games: 31 live, 8 pre, 47 finals saved
19:23:57 86 games: 31 live, 8 pre, 47 finals saved
19:24:57 86 games: 30 live, 9 pre, 47 finals saved
19:25:57 86 games: 30 live, 9 pre, 47 finals saved
19:26:57 86 games: 30 live, 9 pre, 47 finals saved
19:27:57 86 games: 30 live, 9 pre, 47 finals saved
19:28:57 86 games: 30 live, 9 pre, 47 finals saved
19:29:57 86 games: 30 live, 9 pre, 47 finals saved
19:30:57 86 games: 30 live, 9 pre, 47 finals saved
19:31:57 86 games: 30 live, 9 pre, 47 finals saved
19:32:57 86 games: 30 live, 9 pre, 47 finals saved
19:33:57 86 games: 30 live, 9 pre, 47 finals saved
19:34:57 86 games: 30 live, 9 pre, 47 finals saved
19:35:57 86 games: 29 live, 10 pre, 47 finals saved
19:36:57 86 games: 29 live, 10 pre, 47 finals saved
19:37:57 86 games: 29 live, 10 pre, 47 finals saved
19:38:58 86 games: 29 live, 10 pre, 47 finals saved
19:39:57 86 games: 29 live, 10 pre, 47 finals saved
19:40:58 86 games: 29 live, 10 pre, 47 finals saved
19:41:57 86 games: 29 live, 10 pre, 47 finals saved
19:42:57 86 games: 29 live, 10 pre, 47 finals saved
19:43:58 86 games: 29 live, 10 pre, 47 finals saved
19:44:58 86 games: 29 live, 10 pre, 47 finals saved
19:45:58 86 games: 29 live, 10 pre, 47 finals saved
19:46:58 86 games: 29 live, 10 pre, 47 finals saved
19:47:58 86 games: 29 live, 10 pre, 47 finals saved
19:48:57 86 games: 29 live, 10 pre, 47 finals saved
19:49:58 86 games: 29 live, 10 pre, 47 finals saved
19:51:01 final 401856672: 25 drives
19:51:01 86 games: 29 live, 9 pre, 48 finals saved
19:51:58 86 games: 29 live, 9 pre, 48 finals saved
19:52:58 86 games: 29 live, 9 pre, 48 finals saved
19:53:58 86 games: 29 live, 9 pre, 48 finals saved
19:54:58 86 games: 29 live, 9 pre, 48 finals saved
19:55:58 86 games: 29 live, 9 pre, 48 finals saved
19:56:58 86 games: 29 live, 9 pre, 48 finals saved
19:57:58 86 games: 29 live, 9 pre, 48 finals saved
19:58:58 86 games: 29 live, 9 pre, 48 finals saved
19:59:58 86 games: 29 live, 9 pre, 48 finals saved
20:00:58 86 games: 29 live, 9 pre, 48 finals saved
20:01:58 86 games: 29 live, 9 pre, 48 finals saved
20:02:58 86 games: 29 live, 9 pre, 48 finals saved
20:03:58 86 games: 29 live, 9 pre, 48 finals saved
20:04:58 86 games: 29 live, 9 pre, 48 finals saved
20:05:58 86 games: 29 live, 9 pre, 48 finals saved
20:06:58 86 games: 31 live, 7 pre, 48 finals saved
20:07:58 86 games: 31 live, 7 pre, 48 finals saved
20:08:58 86 games: 31 live, 7 pre, 48 finals saved
20:09:58 86 games: 31 live, 7 pre, 48 finals saved
20:10:58 86 games: 31 live, 7 pre, 48 finals saved
20:11:58 86 games: 31 live, 7 pre, 48 finals saved
20:12:58 86 games: 31 live, 7 pre, 48 finals saved
20:13:58 86 games: 31 live, 7 pre, 48 finals saved
20:14:58 86 games: 31 live, 7 pre, 48 finals saved
20:15:58 86 games: 31 live, 7 pre, 48 finals saved
20:16:58 86 games: 31 live, 7 pre, 48 finals saved
20:17:58 86 games: 31 live, 7 pre, 48 finals saved
20:19:08 fetch failed (<urlopen error [Errno 51] Network is unreachable>); backing off 120s
20:21:08 fetch failed (<urlopen error [Errno 8] nodename nor servname provided, or not known>); backing off 240s
20:25:08 fetch failed (<urlopen error [Errno 8] nodename nor servname provided, or not known>); backing off 480s
20:33:08 fetch failed (<urlopen error [Errno 8] nodename nor servname provided, or not known>); backing off 600s
20:43:30 final 401860881: 21 drives
20:43:35 final 401866414: 27 drives
20:43:35 86 games: 30 live, 6 pre, 50 finals saved
20:44:47 fetch failed (<urlopen error [Errno 51] Network is unreachable>); backing off 120s
20:46:48 fetch failed (<urlopen error [Errno 8] nodename nor servname provided, or not known>); backing off 240s
20:50:48 fetch failed (<urlopen error [Errno 8] nodename nor servname provided, or not known>); backing off 480s
20:58:48 fetch failed (<urlopen error [Errno 8] nodename nor servname provided, or not known>); backing off 600s
21:08:48 fetch failed (<urlopen error [Errno 8] nodename nor servname provided, or not known>); backing off 600s
21:18:48 fetch failed (<urlopen error [Errno 8] nodename nor servname provided, or not known>); backing off 600s
21:28:48 fetch failed (<urlopen error [Errno 8] nodename nor servname provided, or not known>); backing off 600s
21:38:48 fetch failed (<urlopen error [Errno 8] nodename nor servname provided, or not known>); backing off 600s
21:48:48 fetch failed (<urlopen error [Errno 8] nodename nor servname provided, or not known>); backing off 600s
21:58:48 fetch failed (<urlopen error [Errno 8] nodename nor servname provided, or not known>); backing off 600s
22:08:48 fetch failed (<urlopen error [Errno 8] nodename nor servname provided, or not known>); backing off 600s
22:18:48 fetch failed (<urlopen error [Errno 8] nodename nor servname provided, or not known>); backing off 600s
22:28:48 fetch failed (<urlopen error [Errno 8] nodename nor servname provided, or not known>); backing off 600s
22:38:48 fetch failed (<urlopen error [Errno 8] nodename nor servname provided, or not known>); backing off 600s
22:48:48 fetch failed (<urlopen error [Errno 8] nodename nor servname provided, or not known>); backing off 600s
22:58:48 fetch failed (<urlopen error [Errno 8] nodename nor servname provided, or not known>); backing off 600s
23:08:48 fetch failed (<urlopen error [Errno 8] nodename nor servname provided, or not known>); backing off 600s
23:18:48 fetch failed (<urlopen error [Errno 8] nodename nor servname provided, or not known>); backing off 600s
23:28:48 fetch failed (<urlopen error [Errno 8] nodename nor servname provided, or not known>); backing off 600s
23:38:48 fetch failed (<urlopen error [Errno 8] nodename nor servname provided, or not known>); backing off 600s
23:48:48 fetch failed (<urlopen error [Errno 8] nodename nor servname provided, or not known>); backing off 600s
23:58:48 fetch failed (<urlopen error [Errno 8] nodename nor servname provided, or not known>); backing off 600s
00:08:48 fetch failed (<urlopen error [Errno 8] nodename nor servname provided, or not known>); backing off 600s
00:18:48 fetch failed (<urlopen error [Errno 8] nodename nor servname provided, or not known>); backing off 600s
00:28:48 fetch failed (<urlopen error [Errno 8] nodename nor servname provided, or not known>); backing off 600s
00:38:48 fetch failed (<urlopen error [Errno 8] nodename nor servname provided, or not known>); backing off 600s
00:48:48 fetch failed (<urlopen error [Errno 8] nodename nor servname provided, or not known>); backing off 600s
00:58:48 fetch failed (<urlopen error [Errno 8] nodename nor servname provided, or not known>); backing off 600s
01:08:48 fetch failed (<urlopen error [Errno 8] nodename nor servname provided, or not known>); backing off 600s
01:18:48 fetch failed (<urlopen error [Errno 8] nodename nor servname provided, or not known>); backing off 600s
01:28:48 fetch failed (<urlopen error [Errno 8] nodename nor servname provided, or not known>); backing off 600s
01:38:48 fetch failed (<urlopen error [Errno 8] nodename nor servname provided, or not known>); backing off 600s
01:48:48 fetch failed (<urlopen error [Errno 8] nodename nor servname provided, or not known>); backing off 600s
01:58:48 fetch failed (<urlopen error [Errno 8] nodename nor servname provided, or not known>); backing off 600s
02:08:48 fetch failed (<urlopen error [Errno 8] nodename nor servname provided, or not known>); backing off 600s
02:18:48 fetch failed (<urlopen error [Errno 8] nodename nor servname provided, or not known>); backing off 600s
02:28:48 fetch failed (<urlopen error [Errno 8] nodename nor servname provided, or not known>); backing off 600s
02:38:48 fetch failed (<urlopen error [Errno 8] nodename nor servname provided, or not known>); backing off 600s
02:48:48 fetch failed (<urlopen error [Errno 8] nodename nor servname provided, or not known>); backing off 600s
02:58:48 fetch failed (<urlopen error [Errno 8] nodename nor servname provided, or not known>); backing off 600s
03:08:48 fetch failed (<urlopen error [Errno 8] nodename nor servname provided, or not known>); backing off 600s
03:18:48 fetch failed (<urlopen error [Errno 8] nodename nor servname provided, or not known>); backing off 600s
03:28:48 fetch failed (<urlopen error [Errno 8] nodename nor servname provided, or not known>); backing off 600s
03:38:48 fetch failed (<urlopen error [Errno 8] nodename nor servname provided, or not known>); backing off 600s
03:48:48 fetch failed (<urlopen error [Errno 8] nodename nor servname provided, or not known>); backing off 600s
03:58:48 fetch failed (<urlopen error [Errno 8] nodename nor servname provided, or not known>); backing off 600s
04:08:48 fetch failed (<urlopen error [Errno 8] nodename nor servname provided, or not known>); backing off 600s
04:18:48 fetch failed (<urlopen error [Errno 8] nodename nor servname provided, or not known>); backing off 600s
04:28:48 fetch failed (<urlopen error [Errno 8] nodename nor servname provided, or not known>); backing off 600s
04:38:48 deadline reached
